0:0:0:0:0:0:0:1 - - [01/Jun/2020:15:05:34 +0800] "GET /nacos/v1/console/server/state?accessToken=eyJhbGciOiJIUzI1NiJ9.eyJzdWIiOiJuYWNvcyIsImV4cCI6MTU5MTAxMDg1M30.eyRQj5LqcmDUTXXqgTDgA6b8z0fVyLERV9HrbX30qqQ HTTP/1.1" 200 82 1 Mozilla/5.0 (Windows NT 10.0; Win64; x64) AppleWebKit/537.36 (KHTML, like Gecko) Chrome/84.0.4128.3 Safari/537.36
0:0:0:0:0:0:0:1 - - [01/Jun/2020:15:05:34 +0800] "GET /nacos/console-fe/public/icons/icon-font.woff2 HTTP/1.1" 404 177 3 Mozilla/5.0 (Windows NT 10.0; Win64; x64) AppleWebKit/537.36 (KHTML, like Gecko) Chrome/84.0.4128.3 Safari/537.36
0:0:0:0:0:0:0:1 - - [01/Jun/2020:15:05:34 +0800] "GET /nacos/v1/ns/catalog/services?hasIpCount=true&withInstances=false&pageNo=1&pageSize=10&serviceNameParam=&groupNameParam=&accessToken=eyJhbGciOiJIUzI1NiJ9.eyJzdWIiOiJuYWNvcyIsImV4cCI6MTU5MTAxMDg1M30.eyRQj5LqcmDUTXXqgTDgA6b8z0fVyLERV9HrbX30qqQ&namespaceId=c7c8e9e8-d6dc-4fcd-bc44-f148c70cf0ed HTTP/1.1" 200 39 3 Mozilla/5.0 (Windows NT 10.0; Win64; x64) AppleWebKit/537.36 (KHTML, like Gecko) Chrome/84.0.4128.3 Safari/537.36
0:0:0:0:0:0:0:1 - - [01/Jun/2020:15:05:34 +0800] "GET /nacos/console-fe/public/img/favicon.ico HTTP/1.1" 200 4286 2 Mozilla/5.0 (Windows NT 10.0; Win64; x64) AppleWebKit/537.36 (KHTML, like Gecko) Chrome/84.0.4128.3 Safari/537.36
0:0:0:0:0:0:0:1 - - [01/Jun/2020:15:05:34 +0800] "GET /nacos/ HTTP/1.1" 304 - 3 Mozilla/5.0 (Windows NT 10.0; Win64; x64) AppleWebKit/537.36 (KHTML, like Gecko) Chrome/84.0.4128.3 Safari/537.36
0:0:0:0:0:0:0:1 - - [01/Jun/2020:15:05:34 +0800] "GET /nacos/v1/console/namespaces?&accessToken=eyJhbGciOiJIUzI1NiJ9.eyJzdWIiOiJuYWNvcyIsImV4cCI6MTU5MTAxMDg1M30.eyRQj5LqcmDUTXXqgTDgA6b8z0fVyLERV9HrbX30qqQ&namespaceId=c7c8e9e8-d6dc-4fcd-bc44-f148c70cf0ed HTTP/1.1" 200 246 5 Mozilla/5.0 (Windows NT 10.0; Win64; x64) AppleWebKit/537.36 (KHTML, like Gecko) Chrome/84.0.4128.3 Safari/537.36
0:0:0:0:0:0:0:1 - - [01/Jun/2020:15:05:34 +0800] "GET /nacos/v1/console/server/state?accessToken=eyJhbGciOiJIUzI1NiJ9.eyJzdWIiOiJuYWNvcyIsImV4cCI6MTU5MTAxMDg1M30.eyRQj5LqcmDUTXXqgTDgA6b8z0fVyLERV9HrbX30qqQ HTTP/1.1" 200 82 2 Mozilla/5.0 (Windows NT 10.0; Win64; x64) AppleWebKit/537.36 (KHTML, like Gecko) Chrome/84.0.4128.3 Safari/537.36
0:0:0:0:0:0:0:1 - - [01/Jun/2020:15:05:34 +0800] "GET /nacos/console-fe/public/icons/icon-font.woff2 HTTP/1.1" 404 177 5 Mozilla/5.0 (Windows NT 10.0; Win64; x64) AppleWebKit/537.36 (KHTML, like Gecko) Chrome/84.0.4128.3 Safari/537.36
0:0:0:0:0:0:0:1 - - [01/Jun/2020:15:05:34 +0800] "GET /nacos/v1/ns/catalog/services?hasIpCount=true&withInstances=false&pageNo=1&pageSize=10&serviceNameParam=&groupNameParam=&accessToken=eyJhbGciOiJIUzI1NiJ9.eyJzdWIiOiJuYWNvcyIsImV4cCI6MTU5MTAxMDg1M30.eyRQj5LqcmDUTXXqgTDgA6b8z0fVyLERV9HrbX30qqQ&namespaceId=c7c8e9e8-d6dc-4fcd-bc44-f148c70cf0ed HTTP/1.1" 200 39 3 Mozilla/5.0 (Windows NT 10.0; Win64; x64) AppleWebKit/537.36 (KHTML, like Gecko) Chrome/84.0.4128.3 Safari/537.36
0:0:0:0:0:0:0:1 - - [01/Jun/2020:15:05:34 +0800] "GET /nacos/console-fe/public/img/favicon.ico HTTP/1.1" 200 4286 3 Mozilla/5.0 (Windows NT 10.0; Win64; x64) AppleWebKit/537.36 (KHTML, like Gecko) Chrome/84.0.4128.3 Safari/537.36
0:0:0:0:0:0:0:1 - - [01/Jun/2020:15:05:34 +0800] "GET /nacos/ HTTP/1.1" 304 - 4 Mozilla/5.0 (Windows NT 10.0; Win64; x64) AppleWebKit/537.36 (KHTML, like Gecko) Chrome/84.0.4128.3 Safari/537.36
0:0:0:0:0:0:0:1 - - [01/Jun/2020:15:05:34 +0800] "GET /nacos/v1/console/namespaces?&accessToken=eyJhbGciOiJIUzI1NiJ9.eyJzdWIiOiJuYWNvcyIsImV4cCI6MTU5MTAxMDg1M30.eyRQj5LqcmDUTXXqgTDgA6b8z0fVyLERV9HrbX30qqQ&namespaceId=c7c8e9e8-d6dc-4fcd-bc44-f148c70cf0ed HTTP/1.1" 200 246 6 Mozilla/5.0 (Windows NT 10.0; Win64; x64) AppleWebKit/537.36 (KHTML, like Gecko) Chrome/84.0.4128.3 Safari/537.36
0:0:0:0:0:0:0:1 - - [01/Jun/2020:15:05:35 +0800] "GET /nacos/v1/console/server/state?accessToken=eyJhbGciOiJIUzI1NiJ9.eyJzdWIiOiJuYWNvcyIsImV4cCI6MTU5MTAxMDg1M30.eyRQj5LqcmDUTXXqgTDgA6b8z0fVyLERV9HrbX30qqQ HTTP/1.1" 200 82 2 Mozilla/5.0 (Windows NT 10.0; Win64; x64) AppleWebKit/537.36 (KHTML, like Gecko) Chrome/84.0.4128.3 Safari/537.36
0:0:0:0:0:0:0:1 - - [01/Jun/2020:15:05:35 +0800] "GET /nacos/console-fe/public/icons/icon-font.woff2 HTTP/1.1" 404 177 5 Mozilla/5.0 (Windows NT 10.0; Win64; x64) AppleWebKit/537.36 (KHTML, like Gecko) Chrome/84.0.4128.3 Safari/537.36
0:0:0:0:0:0:0:1 - - [01/Jun/2020:15:05:35 +0800] "GET /nacos/v1/ns/catalog/services?hasIpCount=true&withInstances=false&pageNo=1&pageSize=10&serviceNameParam=&groupNameParam=&accessToken=eyJhbGciOiJIUzI1NiJ9.eyJzdWIiOiJuYWNvcyIsImV4cCI6MTU5MTAxMDg1M30.eyRQj5LqcmDUTXXqgTDgA6b8z0fVyLERV9HrbX30qqQ&namespaceId=c7c8e9e8-d6dc-4fcd-bc44-f148c70cf0ed HTTP/1.1" 200 39 3 Mozilla/5.0 (Windows NT 10.0; Win64; x64) AppleWebKit/537.36 (KHTML, like Gecko) Chrome/84.0.4128.3 Safari/537.36
0:0:0:0:0:0:0:1 - - [01/Jun/2020:15:05:35 +0800] "GET /nacos/console-fe/public/img/favicon.ico HTTP/1.1" 200 4286 4 Mozilla/5.0 (Windows NT 10.0; Win64; x64) AppleWebKit/537.36 (KHTML, like Gecko) Chrome/84.0.4128.3 Safari/537.36
192.168.174.1 - - [01/Jun/2020:15:05:36 +0800] "GET /nacos/v1/cs/health HTTP/1.1" 200 2 2 Apache-HttpAsyncClient/4.1.3 (Java/1.8.0_131)
127.0.0.1 - - [01/Jun/2020:15:05:36 +0800] "PUT /nacos/v1/ns/instance/beat?beat=%7B%22cluster%22%3A%22DEFAULT%22%2C%22ip%22%3A%22192.168.174.1%22%2C%22metadata%22%3A%7B%22preserved.register.source%22%3A%22SPRING_CLOUD%22%7D%2C%22period%22%3A5000%2C%22port%22%3A8100%2C%22scheduled%22%3Afalse%2C%22serviceName%22%3A%22DEFAULT_GROUP%40%40constomer-server%22%2C%22stopped%22%3Afalse%2C%22weight%22%3A1.0%7D&app=constomer-server&serviceName=DEFAULT_GROUP%40%40constomer-server&encoding=UTF-8&namespaceId=public HTTP/1.1" 200 75 2 Nacos-Java-Client:v1.1.4
127.0.0.1 - - [01/Jun/2020:15:05:40 +0800] "POST /nacos/v1/cs/configs/listener HTTP/1.1" 200 - 29508 Java/1.8.0_131
192.168.174.1 - - [01/Jun/2020:15:05:41 +0800] "GET /nacos/v1/cs/health HTTP/1.1" 200 2 2 Apache-HttpAsyncClient/4.1.3 (Java/1.8.0_131)
127.0.0.1 - - [01/Jun/2020:15:05:41 +0800] "PUT /nacos/v1/ns/instance/beat?beat=%7B%22cluster%22%3A%22DEFAULT%22%2C%22ip%22%3A%22192.168.174.1%22%2C%22metadata%22%3A%7B%22preserved.register.source%22%3A%22SPRING_CLOUD%22%7D%2C%22period%22%3A5000%2C%22port%22%3A8100%2C%22scheduled%22%3Afalse%2C%22serviceName%22%3A%22DEFAULT_GROUP%40%40constomer-server%22%2C%22stopped%22%3Afalse%2C%22weight%22%3A1.0%7D&app=constomer-server&serviceName=DEFAULT_GROUP%40%40constomer-server&encoding=UTF-8&namespaceId=public HTTP/1.1" 200 75 1 Nacos-Java-Client:v1.1.4
192.168.174.1 - - [01/Jun/2020:15:05:46 +0800] "GET /nacos/v1/cs/health HTTP/1.1" 200 2 3 Apache-HttpAsyncClient/4.1.3 (Java/1.8.0_131)
127.0.0.1 - - [01/Jun/2020:15:05:46 +0800] "PUT /nacos/v1/ns/instance/beat?beat=%7B%22cluster%22%3A%22DEFAULT%22%2C%22ip%22%3A%22192.168.174.1%22%2C%22metadata%22%3A%7B%22preserved.register.source%22%3A%22SPRING_CLOUD%22%7D%2C%22period%22%3A5000%2C%22port%22%3A8100%2C%22scheduled%22%3Afalse%2C%22serviceName%22%3A%22DEFAULT_GROUP%40%40constomer-server%22%2C%22stopped%22%3Afalse%2C%22weight%22%3A1.0%7D&app=constomer-server&serviceName=DEFAULT_GROUP%40%40constomer-server&encoding=UTF-8&namespaceId=public HTTP/1.1" 200 75 3 Nacos-Java-Client:v1.1.4
127.0.0.1 - - [01/Jun/2020:15:05:49 +0800] "GET /nacos/v1/cs/configs?dataId=producer-server&group=DEFAULT_GROUP HTTP/1.1" 404 23 2 Java/1.8.0_131
127.0.0.1 - - [01/Jun/2020:15:05:49 +0800] "POST /nacos/v1/cs/configs/listener HTTP/1.1" 200 - 2 Java/1.8.0_131
127.0.0.1 - - [01/Jun/2020:15:05:50 +0800] "POST /nacos/v1/ns/instance?app=producer-server&metadata=%7B%22preserved.register.source%22%3A%22SPRING_CLOUD%22%7D&ip=192.168.174.1&weight=1.0&ephemeral=true&serviceName=DEFAULT_GROUP%40%40producer-server&encoding=UTF-8&groupName=DEFAULT_GROUP&namespaceId=public&port=9101&enable=true&healthy=true&clusterName=DEFAULT HTTP/1.1" 200 2 4 Nacos-Java-Client:v1.1.4
192.168.174.1 - - [01/Jun/2020:15:05:51 +0800] "GET /nacos/v1/cs/health HTTP/1.1" 200 2 2 Apache-HttpAsyncClient/4.1.3 (Java/1.8.0_131)
127.0.0.1 - - [01/Jun/2020:15:05:51 +0800] "PUT /nacos/v1/ns/instance/beat?beat=%7B%22cluster%22%3A%22DEFAULT%22%2C%22ip%22%3A%22192.168.174.1%22%2C%22metadata%22%3A%7B%22preserved.register.source%22%3A%22SPRING_CLOUD%22%7D%2C%22period%22%3A5000%2C%22port%22%3A8100%2C%22scheduled%22%3Afalse%2C%22serviceName%22%3A%22DEFAULT_GROUP%40%40constomer-server%22%2C%22stopped%22%3Afalse%2C%22weight%22%3A1.0%7D&app=constomer-server&serviceName=DEFAULT_GROUP%40%40constomer-server&encoding=UTF-8&namespaceId=public HTTP/1.1" 200 75 2 Nacos-Java-Client:v1.1.4
127.0.0.1 - - [01/Jun/2020:15:05:53 +0800] "GET /nacos/v1/ns/operator/metrics?app=producer-server&encoding=UTF-8&namespaceId=public HTTP/1.1" 200 181 681 Nacos-Java-Client:v1.1.4
127.0.0.1 - - [01/Jun/2020:15:05:53 +0800] "GET /nacos/v1/cs/configs?dataId=producer-server&group=DEFAULT_GROUP HTTP/1.1" 404 23 2 Java/1.8.0_131
127.0.0.1 - - [01/Jun/2020:15:05:53 +0800] "GET /nacos/v1/ns/service/list?app=producer-server&pageSize=2147483647&groupName=DEFAULT_GROUP&encoding=UTF-8&namespaceId=public&pageNo=1 HTTP/1.1" 200 68 5 Nacos-Java-Client:v1.1.4
127.0.0.1 - - [01/Jun/2020:15:05:55 +0800] "PUT /nacos/v1/ns/instance/beat?beat=%7B%22cluster%22%3A%22DEFAULT%22%2C%22ip%22%3A%22192.168.174.1%22%2C%22metadata%22%3A%7B%22preserved.register.source%22%3A%22SPRING_CLOUD%22%7D%2C%22period%22%3A5000%2C%22port%22%3A9101%2C%22scheduled%22%3Afalse%2C%22serviceName%22%3A%22DEFAULT_GROUP%40%40producer-server%22%2C%22stopped%22%3Afalse%2C%22weight%22%3A1.0%7D&app=producer-server&serviceName=DEFAULT_GROUP%40%40producer-server&encoding=UTF-8&namespaceId=public HTTP/1.1" 200 75 2 Nacos-Java-Client:v1.1.4
192.168.174.1 - - [01/Jun/2020:15:05:56 +0800] "GET /nacos/v1/cs/health HTTP/1.1" 200 2 2 Apache-HttpAsyncClient/4.1.3 (Java/1.8.0_131)
127.0.0.1 - - [01/Jun/2020:15:05:56 +0800] "PUT /nacos/v1/ns/instance/beat?beat=%7B%22cluster%22%3A%22DEFAULT%22%2C%22ip%22%3A%22192.168.174.1%22%2C%22metadata%22%3A%7B%22preserved.register.source%22%3A%22SPRING_CLOUD%22%7D%2C%22period%22%3A5000%2C%22port%22%3A8100%2C%22scheduled%22%3Afalse%2C%22serviceName%22%3A%22DEFAULT_GROUP%40%40constomer-server%22%2C%22stopped%22%3Afalse%2C%22weight%22%3A1.0%7D&app=constomer-server&serviceName=DEFAULT_GROUP%40%40constomer-server&encoding=UTF-8&namespaceId=public HTTP/1.1" 200 75 2 Nacos-Java-Client:v1.1.4
127.0.0.1 - - [01/Jun/2020:15:06:00 +0800] "PUT /nacos/v1/ns/instance/beat?beat=%7B%22cluster%22%3A%22DEFAULT%22%2C%22ip%22%3A%22192.168.174.1%22%2C%22metadata%22%3A%7B%22preserved.register.source%22%3A%22SPRING_CLOUD%22%7D%2C%22period%22%3A5000%2C%22port%22%3A9101%2C%22scheduled%22%3Afalse%2C%22serviceName%22%3A%22DEFAULT_GROUP%40%40producer-server%22%2C%22stopped%22%3Afalse%2C%22weight%22%3A1.0%7D&app=producer-server&serviceName=DEFAULT_GROUP%40%40producer-server&encoding=UTF-8&namespaceId=public HTTP/1.1" 200 75 2 Nacos-Java-Client:v1.1.4
192.168.174.1 - - [01/Jun/2020:15:06:01 +0800] "GET /nacos/v1/cs/health HTTP/1.1" 200 2 2 Apache-HttpAsyncClient/4.1.3 (Java/1.8.0_131)
127.0.0.1 - - [01/Jun/2020:15:06:01 +0800] "PUT /nacos/v1/ns/instance/beat?beat=%7B%22cluster%22%3A%22DEFAULT%22%2C%22ip%22%3A%22192.168.174.1%22%2C%22metadata%22%3A%7B%22preserved.register.source%22%3A%22SPRING_CLOUD%22%7D%2C%22period%22%3A5000%2C%22port%22%3A8100%2C%22scheduled%22%3Afalse%2C%22serviceName%22%3A%22DEFAULT_GROUP%40%40constomer-server%22%2C%22stopped%22%3Afalse%2C%22weight%22%3A1.0%7D&app=constomer-server&serviceName=DEFAULT_GROUP%40%40constomer-server&encoding=UTF-8&namespaceId=public HTTP/1.1" 200 75 2 Nacos-Java-Client:v1.1.4
127.0.0.1 - - [01/Jun/2020:15:06:05 +0800] "PUT /nacos/v1/ns/instance/beat?beat=%7B%22cluster%22%3A%22DEFAULT%22%2C%22ip%22%3A%22192.168.174.1%22%2C%22metadata%22%3A%7B%22preserved.register.source%22%3A%22SPRING_CLOUD%22%7D%2C%22period%22%3A5000%2C%22port%22%3A9101%2C%22scheduled%22%3Afalse%2C%22serviceName%22%3A%22DEFAULT_GROUP%40%40producer-server%22%2C%22stopped%22%3Afalse%2C%22weight%22%3A1.0%7D&app=producer-server&serviceName=DEFAULT_GROUP%40%40producer-server&encoding=UTF-8&namespaceId=public HTTP/1.1" 200 75 1 Nacos-Java-Client:v1.1.4
192.168.174.1 - - [01/Jun/2020:15:06:06 +0800] "GET /nacos/v1/cs/health HTTP/1.1" 200 2 2 Apache-HttpAsyncClient/4.1.3 (Java/1.8.0_131)
127.0.0.1 - - [01/Jun/2020:15:06:06 +0800] "PUT /nacos/v1/ns/instance/beat?beat=%7B%22cluster%22%3A%22DEFAULT%22%2C%22ip%22%3A%22192.168.174.1%22%2C%22metadata%22%3A%7B%22preserved.register.source%22%3A%22SPRING_CLOUD%22%7D%2C%22period%22%3A5000%2C%22port%22%3A8100%2C%22scheduled%22%3Afalse%2C%22serviceName%22%3A%22DEFAULT_GROUP%40%40constomer-server%22%2C%22stopped%22%3Afalse%2C%22weight%22%3A1.0%7D&app=constomer-server&serviceName=DEFAULT_GROUP%40%40constomer-server&encoding=UTF-8&namespaceId=public HTTP/1.1" 200 75 1 Nacos-Java-Client:v1.1.4
0:0:0:0:0:0:0:1 - - [01/Jun/2020:15:06:08 +0800] "GET /nacos/ HTTP/1.1" 304 - 4 Mozilla/5.0 (Windows NT 10.0; Win64; x64) AppleWebKit/537.36 (KHTML, like Gecko) Chrome/84.0.4128.3 Safari/537.36
0:0:0:0:0:0:0:1 - - [01/Jun/2020:15:06:08 +0800] "GET /nacos/v1/console/namespaces?&accessToken=eyJhbGciOiJIUzI1NiJ9.eyJzdWIiOiJuYWNvcyIsImV4cCI6MTU5MTAxMDg1M30.eyRQj5LqcmDUTXXqgTDgA6b8z0fVyLERV9HrbX30qqQ&namespaceId=c7c8e9e8-d6dc-4fcd-bc44-f148c70cf0ed HTTP/1.1" 200 246 5 Mozilla/5.0 (Windows NT 10.0; Win64; x64) AppleWebKit/537.36 (KHTML, like Gecko) Chrome/84.0.4128.3 Safari/537.36
0:0:0:0:0:0:0:1 - - [01/Jun/2020:15:06:08 +0800] "GET /nacos/v1/console/server/state?accessToken=eyJhbGciOiJIUzI1NiJ9.eyJzdWIiOiJuYWNvcyIsImV4cCI6MTU5MTAxMDg1M30.eyRQj5LqcmDUTXXqgTDgA6b8z0fVyLERV9HrbX30qqQ HTTP/1.1" 200 82 3 Mozilla/5.0 (Windows NT 10.0; Win64; x64) AppleWebKit/537.36 (KHTML, like Gecko) Chrome/84.0.4128.3 Safari/537.36
0:0:0:0:0:0:0:1 - - [01/Jun/2020:15:06:09 +0800] "GET /nacos/console-fe/public/icons/icon-font.woff2 HTTP/1.1" 404 177 7 Mozilla/5.0 (Windows NT 10.0; Win64; x64) AppleWebKit/537.36 (KHTML, like Gecko) Chrome/84.0.4128.3 Safari/537.36
0:0:0:0:0:0:0:1 - - [01/Jun/2020:15:06:09 +0800] "GET /nacos/v1/ns/catalog/services?hasIpCount=true&withInstances=false&pageNo=1&pageSize=10&serviceNameParam=&groupNameParam=&accessToken=eyJhbGciOiJIUzI1NiJ9.eyJzdWIiOiJuYWNvcyIsImV4cCI6MTU5MTAxMDg1M30.eyRQj5LqcmDUTXXqgTDgA6b8z0fVyLERV9HrbX30qqQ&namespaceId=c7c8e9e8-d6dc-4fcd-bc44-f148c70cf0ed HTTP/1.1" 200 39 4 Mozilla/5.0 (Windows NT 10.0; Win64; x64) AppleWebKit/537.36 (KHTML, like Gecko) Chrome/84.0.4128.3 Safari/537.36
0:0:0:0:0:0:0:1 - - [01/Jun/2020:15:06:09 +0800] "GET /nacos/console-fe/public/img/favicon.ico HTTP/1.1" 200 4286 3 Mozilla/5.0 (Windows NT 10.0; Win64; x64) AppleWebKit/537.36 (KHTML, like Gecko) Chrome/84.0.4128.3 Safari/537.36
0:0:0:0:0:0:0:1 - - [01/Jun/2020:15:06:09 +0800] "GET /nacos/ HTTP/1.1" 304 - 3 Mozilla/5.0 (Windows NT 10.0; Win64; x64) AppleWebKit/537.36 (KHTML, like Gecko) Chrome/84.0.4128.3 Safari/537.36
0:0:0:0:0:0:0:1 - - [01/Jun/2020:15:06:09 +0800] "GET /nacos/v1/console/namespaces?&accessToken=eyJhbGciOiJIUzI1NiJ9.eyJzdWIiOiJuYWNvcyIsImV4cCI6MTU5MTAxMDg1M30.eyRQj5LqcmDUTXXqgTDgA6b8z0fVyLERV9HrbX30qqQ&namespaceId=c7c8e9e8-d6dc-4fcd-bc44-f148c70cf0ed HTTP/1.1" 200 246 4 Mozilla/5.0 (Windows NT 10.0; Win64; x64) AppleWebKit/537.36 (KHTML, like Gecko) Chrome/84.0.4128.3 Safari/537.36
0:0:0:0:0:0:0:1 - - [01/Jun/2020:15:06:09 +0800] "GET /nacos/v1/console/server/state?accessToken=eyJhbGciOiJIUzI1NiJ9.eyJzdWIiOiJuYWNvcyIsImV4cCI6MTU5MTAxMDg1M30.eyRQj5LqcmDUTXXqgTDgA6b8z0fVyLERV9HrbX30qqQ HTTP/1.1" 200 82 1 Mozilla/5.0 (Windows NT 10.0; Win64; x64) AppleWebKit/537.36 (KHTML, like Gecko) Chrome/84.0.4128.3 Safari/537.36
0:0:0:0:0:0:0:1 - - [01/Jun/2020:15:06:09 +0800] "GET /nacos/console-fe/public/icons/icon-font.woff2 HTTP/1.1" 404 177 4 Mozilla/5.0 (Windows NT 10.0; Win64; x64) AppleWebKit/537.36 (KHTML, like Gecko) Chrome/84.0.4128.3 Safari/537.36
0:0:0:0:0:0:0:1 - - [01/Jun/2020:15:06:09 +0800] "GET /nacos/v1/ns/catalog/services?hasIpCount=true&withInstances=false&pageNo=1&pageSize=10&serviceNameParam=&groupNameParam=&accessToken=eyJhbGciOiJIUzI1NiJ9.eyJzdWIiOiJuYWNvcyIsImV4cCI6MTU5MTAxMDg1M30.eyRQj5LqcmDUTXXqgTDgA6b8z0fVyLERV9HrbX30qqQ&namespaceId=c7c8e9e8-d6dc-4fcd-bc44-f148c70cf0ed HTTP/1.1" 200 39 1 Mozilla/5.0 (Windows NT 10.0; Win64; x64) AppleWebKit/537.36 (KHTML, like Gecko) Chrome/84.0.4128.3 Safari/537.36
0:0:0:0:0:0:0:1 - - [01/Jun/2020:15:06:09 +0800] "GET /nacos/console-fe/public/img/favicon.ico HTTP/1.1" 200 4286 2 Mozilla/5.0 (Windows NT 10.0; Win64; x64) AppleWebKit/537.36 (KHTML, like Gecko) Chrome/84.0.4128.3 Safari/537.36
0:0:0:0:0:0:0:1 - - [01/Jun/2020:15:06:09 +0800] "GET /nacos/ HTTP/1.1" 304 - 2 Mozilla/5.0 (Windows NT 10.0; Win64; x64) AppleWebKit/537.36 (KHTML, like Gecko) Chrome/84.0.4128.3 Safari/537.36
0:0:0:0:0:0:0:1 - - [01/Jun/2020:15:06:10 +0800] "GET /nacos/v1/console/namespaces?&accessToken=eyJhbGciOiJIUzI1NiJ9.eyJzdWIiOiJuYWNvcyIsImV4cCI6MTU5MTAxMDg1M30.eyRQj5LqcmDUTXXqgTDgA6b8z0fVyLERV9HrbX30qqQ&namespaceId=c7c8e9e8-d6dc-4fcd-bc44-f148c70cf0ed HTTP/1.1" 200 246 4 Mozilla/5.0 (Windows NT 10.0; Win64; x64) AppleWebKit/537.36 (KHTML, like Gecko) Chrome/84.0.4128.3 Safari/537.36
127.0.0.1 - - [01/Jun/2020:15:06:10 +0800] "PUT /nacos/v1/ns/instance/beat?beat=%7B%22cluster%22%3A%22DEFAULT%22%2C%22ip%22%3A%22192.168.174.1%22%2C%22metadata%22%3A%7B%22preserved.register.source%22%3A%22SPRING_CLOUD%22%7D%2C%22period%22%3A5000%2C%22port%22%3A9101%2C%22scheduled%22%3Afalse%2C%22serviceName%22%3A%22DEFAULT_GROUP%40%40producer-server%22%2C%22stopped%22%3Afalse%2C%22weight%22%3A1.0%7D&app=producer-server&serviceName=DEFAULT_GROUP%40%40producer-server&encoding=UTF-8&namespaceId=public HTTP/1.1" 200 75 2 Nacos-Java-Client:v1.1.4
0:0:0:0:0:0:0:1 - - [01/Jun/2020:15:06:10 +0800] "GET /nacos/v1/console/server/state?accessToken=eyJhbGciOiJIUzI1NiJ9.eyJzdWIiOiJuYWNvcyIsImV4cCI6MTU5MTAxMDg1M30.eyRQj5LqcmDUTXXqgTDgA6b8z0fVyLERV9HrbX30qqQ HTTP/1.1" 200 82 1 Mozilla/5.0 (Windows NT 10.0; Win64; x64) AppleWebKit/537.36 (KHTML, like Gecko) Chrome/84.0.4128.3 Safari/537.36
0:0:0:0:0:0:0:1 - - [01/Jun/2020:15:06:10 +0800] "GET /nacos/console-fe/public/icons/icon-font.woff2 HTTP/1.1" 404 177 3 Mozilla/5.0 (Windows NT 10.0; Win64; x64) AppleWebKit/537.36 (KHTML, like Gecko) Chrome/84.0.4128.3 Safari/537.36
0:0:0:0:0:0:0:1 - - [01/Jun/2020:15:06:10 +0800] "GET /nacos/v1/ns/catalog/services?hasIpCount=true&withInstances=false&pageNo=1&pageSize=10&serviceNameParam=&groupNameParam=&accessToken=eyJhbGciOiJIUzI1NiJ9.eyJzdWIiOiJuYWNvcyIsImV4cCI6MTU5MTAxMDg1M30.eyRQj5LqcmDUTXXqgTDgA6b8z0fVyLERV9HrbX30qqQ&namespaceId=c7c8e9e8-d6dc-4fcd-bc44-f148c70cf0ed HTTP/1.1" 200 39 2 Mozilla/5.0 (Windows NT 10.0; Win64; x64) AppleWebKit/537.36 (KHTML, like Gecko) Chrome/84.0.4128.3 Safari/537.36
0:0:0:0:0:0:0:1 - - [01/Jun/2020:15:06:10 +0800] "GET /nacos/console-fe/public/img/favicon.ico HTTP/1.1" 200 4286 2 Mozilla/5.0 (Windows NT 10.0; Win64; x64) AppleWebKit/537.36 (KHTML, like Gecko) Chrome/84.0.4128.3 Safari/537.36
127.0.0.1 - - [01/Jun/2020:15:06:10 +0800] "POST /nacos/v1/cs/configs/listener HTTP/1.1" 200 - 29503 Java/1.8.0_131
192.168.174.1 - - [01/Jun/2020:15:06:11 +0800] "GET /nacos/v1/cs/health HTTP/1.1" 200 2 2 Apache-HttpAsyncClient/4.1.3 (Java/1.8.0_131)
127.0.0.1 - - [01/Jun/2020:15:06:11 +0800] "PUT /nacos/v1/ns/instance/beat?beat=%7B%22cluster%22%3A%22DEFAULT%22%2C%22ip%22%3A%22192.168.174.1%22%2C%22metadata%22%3A%7B%22preserved.register.source%22%3A%22SPRING_CLOUD%22%7D%2C%22period%22%3A5000%2C%22port%22%3A8100%2C%22scheduled%22%3Afalse%2C%22serviceName%22%3A%22DEFAULT_GROUP%40%40constomer-server%22%2C%22stopped%22%3Afalse%2C%22weight%22%3A1.0%7D&app=constomer-server&serviceName=DEFAULT_GROUP%40%40constomer-server&encoding=UTF-8&namespaceId=public HTTP/1.1" 200 75 2 Nacos-Java-Client:v1.1.4
0:0:0:0:0:0:0:1 - - [01/Jun/2020:15:06:12 +0800] "GET /nacos/v1/cs/configs?dataId=&group=&appName=&config_tags=&pageNo=1&pageSize=10&tenant=c7c8e9e8-d6dc-4fcd-bc44-f148c70cf0ed&search=accurate&accessToken=eyJhbGciOiJIUzI1NiJ9.eyJzdWIiOiJuYWNvcyIsImV4cCI6MTU5MTAxMDg1M30.eyRQj5LqcmDUTXXqgTDgA6b8z0fVyLERV9HrbX30qqQ HTTP/1.1" 200 285 4 Mozilla/5.0 (Windows NT 10.0; Win64; x64) AppleWebKit/537.36 (KHTML, like Gecko) Chrome/84.0.4128.3 Safari/537.36
127.0.0.1 - - [01/Jun/2020:15:06:15 +0800] "PUT /nacos/v1/ns/instance/beat?beat=%7B%22cluster%22%3A%22DEFAULT%22%2C%22ip%22%3A%22192.168.174.1%22%2C%22metadata%22%3A%7B%22preserved.register.source%22%3A%22SPRING_CLOUD%22%7D%2C%22period%22%3A5000%2C%22port%22%3A9101%2C%22scheduled%22%3Afalse%2C%22serviceName%22%3A%22DEFAULT_GROUP%40%40producer-server%22%2C%22stopped%22%3Afalse%2C%22weight%22%3A1.0%7D&app=producer-server&serviceName=DEFAULT_GROUP%40%40producer-server&encoding=UTF-8&namespaceId=public HTTP/1.1" 200 75 1 Nacos-Java-Client:v1.1.4
0:0:0:0:0:0:0:1 - - [01/Jun/2020:15:06:16 +0800] "GET /nacos/v1/ns/catalog/services?hasIpCount=true&withInstances=false&pageNo=1&pageSize=10&serviceNameParam=&groupNameParam=&accessToken=eyJhbGciOiJIUzI1NiJ9.eyJzdWIiOiJuYWNvcyIsImV4cCI6MTU5MTAxMDg1M30.eyRQj5LqcmDUTXXqgTDgA6b8z0fVyLERV9HrbX30qqQ&namespaceId=c7c8e9e8-d6dc-4fcd-bc44-f148c70cf0ed HTTP/1.1" 200 39 2 Mozilla/5.0 (Windows NT 10.0; Win64; x64) AppleWebKit/537.36 (KHTML, like Gecko) Chrome/84.0.4128.3 Safari/537.36
192.168.174.1 - - [01/Jun/2020:15:06:16 +0800] "GET /nacos/v1/cs/health HTTP/1.1" 200 2 2 Apache-HttpAsyncClient/4.1.3 (Java/1.8.0_131)
127.0.0.1 - - [01/Jun/2020:15:06:16 +0800] "PUT /nacos/v1/ns/instance/beat?beat=%7B%22cluster%22%3A%22DEFAULT%22%2C%22ip%22%3A%22192.168.174.1%22%2C%22metadata%22%3A%7B%22preserved.register.source%22%3A%22SPRING_CLOUD%22%7D%2C%22period%22%3A5000%2C%22port%22%3A8100%2C%22scheduled%22%3Afalse%2C%22serviceName%22%3A%22DEFAULT_GROUP%40%40constomer-server%22%2C%22stopped%22%3Afalse%2C%22weight%22%3A1.0%7D&app=constomer-server&serviceName=DEFAULT_GROUP%40%40constomer-server&encoding=UTF-8&namespaceId=public HTTP/1.1" 200 75 2 Nacos-Java-Client:v1.1.4
127.0.0.1 - - [01/Jun/2020:15:06:19 +0800] "POST /nacos/v1/cs/configs/listener HTTP/1.1" 200 - 29503 Java/1.8.0_131
127.0.0.1 - - [01/Jun/2020:15:06:20 +0800] "PUT /nacos/v1/ns/instance/beat?beat=%7B%22cluster%22%3A%22DEFAULT%22%2C%22ip%22%3A%22192.168.174.1%22%2C%22metadata%22%3A%7B%22preserved.register.source%22%3A%22SPRING_CLOUD%22%7D%2C%22period%22%3A5000%2C%22port%22%3A9101%2C%22scheduled%22%3Afalse%2C%22serviceName%22%3A%22DEFAULT_GROUP%40%40producer-server%22%2C%22stopped%22%3Afalse%2C%22weight%22%3A1.0%7D&app=producer-server&serviceName=DEFAULT_GROUP%40%40producer-server&encoding=UTF-8&namespaceId=public HTTP/1.1" 200 75 1 Nacos-Java-Client:v1.1.4
192.168.174.1 - - [01/Jun/2020:15:06:21 +0800] "GET /nacos/v1/cs/health HTTP/1.1" 200 2 2 Apache-HttpAsyncClient/4.1.3 (Java/1.8.0_131)
127.0.0.1 - - [01/Jun/2020:15:06:21 +0800] "PUT /nacos/v1/ns/instance/beat?beat=%7B%22cluster%22%3A%22DEFAULT%22%2C%22ip%22%3A%22192.168.174.1%22%2C%22metadata%22%3A%7B%22preserved.register.source%22%3A%22SPRING_CLOUD%22%7D%2C%22period%22%3A5000%2C%22port%22%3A8100%2C%22scheduled%22%3Afalse%2C%22serviceName%22%3A%22DEFAULT_GROUP%40%40constomer-server%22%2C%22stopped%22%3Afalse%2C%22weight%22%3A1.0%7D&app=constomer-server&serviceName=DEFAULT_GROUP%40%40constomer-server&encoding=UTF-8&namespaceId=public HTTP/1.1" 200 75 1 Nacos-Java-Client:v1.1.4
127.0.0.1 - - [01/Jun/2020:15:06:25 +0800] "PUT /nacos/v1/ns/instance/beat?beat=%7B%22cluster%22%3A%22DEFAULT%22%2C%22ip%22%3A%22192.168.174.1%22%2C%22metadata%22%3A%7B%22preserved.register.source%22%3A%22SPRING_CLOUD%22%7D%2C%22period%22%3A5000%2C%22port%22%3A9101%2C%22scheduled%22%3Afalse%2C%22serviceName%22%3A%22DEFAULT_GROUP%40%40producer-server%22%2C%22stopped%22%3Afalse%2C%22weight%22%3A1.0%7D&app=producer-server&serviceName=DEFAULT_GROUP%40%40producer-server&encoding=UTF-8&namespaceId=public HTTP/1.1" 200 75 2 Nacos-Java-Client:v1.1.4
192.168.174.1 - - [01/Jun/2020:15:06:26 +0800] "GET /nacos/v1/cs/health HTTP/1.1" 200 2 2 Apache-HttpAsyncClient/4.1.3 (Java/1.8.0_131)
127.0.0.1 - - [01/Jun/2020:15:06:26 +0800] "PUT /nacos/v1/ns/instance/beat?beat=%7B%22cluster%22%3A%22DEFAULT%22%2C%22ip%22%3A%22192.168.174.1%22%2C%22metadata%22%3A%7B%22preserved.register.source%22%3A%22SPRING_CLOUD%22%7D%2C%22period%22%3A5000%2C%22port%22%3A8100%2C%22scheduled%22%3Afalse%2C%22serviceName%22%3A%22DEFAULT_GROUP%40%40constomer-server%22%2C%22stopped%22%3Afalse%2C%22weight%22%3A1.0%7D&app=constomer-server&serviceName=DEFAULT_GROUP%40%40constomer-server&encoding=UTF-8&namespaceId=public HTTP/1.1" 200 75 2 Nacos-Java-Client:v1.1.4
0:0:0:0:0:0:0:1 - - [01/Jun/2020:15:06:28 +0800] "GET /nacos/ HTTP/1.1" 304 - 4 Mozilla/5.0 (Windows NT 10.0; Win64; x64) AppleWebKit/537.36 (KHTML, like Gecko) Chrome/84.0.4128.3 Safari/537.36
0:0:0:0:0:0:0:1 - - [01/Jun/2020:15:06:28 +0800] "GET /nacos/v1/console/namespaces?&accessToken=eyJhbGciOiJIUzI1NiJ9.eyJzdWIiOiJuYWNvcyIsImV4cCI6MTU5MTAxMDg1M30.eyRQj5LqcmDUTXXqgTDgA6b8z0fVyLERV9HrbX30qqQ&namespaceId=c7c8e9e8-d6dc-4fcd-bc44-f148c70cf0ed HTTP/1.1" 200 246 4 Mozilla/5.0 (Windows NT 10.0; Win64; x64) AppleWebKit/537.36 (KHTML, like Gecko) Chrome/84.0.4128.3 Safari/537.36
0:0:0:0:0:0:0:1 - - [01/Jun/2020:15:06:28 +0800] "GET /nacos/v1/console/server/state?accessToken=eyJhbGciOiJIUzI1NiJ9.eyJzdWIiOiJuYWNvcyIsImV4cCI6MTU5MTAxMDg1M30.eyRQj5LqcmDUTXXqgTDgA6b8z0fVyLERV9HrbX30qqQ HTTP/1.1" 200 82 1 Mozilla/5.0 (Windows NT 10.0; Win64; x64) AppleWebKit/537.36 (KHTML, like Gecko) Chrome/84.0.4128.3 Safari/537.36
0:0:0:0:0:0:0:1 - - [01/Jun/2020:15:06:28 +0800] "GET /nacos/console-fe/public/icons/icon-font.woff2 HTTP/1.1" 404 177 42 Mozilla/5.0 (Windows NT 10.0; Win64; x64) AppleWebKit/537.36 (KHTML, like Gecko) Chrome/84.0.4128.3 Safari/537.36
0:0:0:0:0:0:0:1 - - [01/Jun/2020:15:06:28 +0800] "GET /nacos/v1/ns/catalog/services?hasIpCount=true&withInstances=false&pageNo=1&pageSize=10&serviceNameParam=&groupNameParam=&accessToken=eyJhbGciOiJIUzI1NiJ9.eyJzdWIiOiJuYWNvcyIsImV4cCI6MTU5MTAxMDg1M30.eyRQj5LqcmDUTXXqgTDgA6b8z0fVyLERV9HrbX30qqQ&namespaceId=c7c8e9e8-d6dc-4fcd-bc44-f148c70cf0ed HTTP/1.1" 200 39 3 Mozilla/5.0 (Windows NT 10.0; Win64; x64) AppleWebKit/537.36 (KHTML, like Gecko) Chrome/84.0.4128.3 Safari/537.36
0:0:0:0:0:0:0:1 - - [01/Jun/2020:15:06:28 +0800] "GET /nacos/console-fe/public/img/favicon.ico HTTP/1.1" 200 4286 3 Mozilla/5.0 (Windows NT 10.0; Win64; x64) AppleWebKit/537.36 (KHTML, like Gecko) Chrome/84.0.4128.3 Safari/537.36
127.0.0.1 - - [01/Jun/2020:15:06:30 +0800] "PUT /nacos/v1/ns/instance/beat?beat=%7B%22cluster%22%3A%22DEFAULT%22%2C%22ip%22%3A%22192.168.174.1%22%2C%22metadata%22%3A%7B%22preserved.register.source%22%3A%22SPRING_CLOUD%22%7D%2C%22period%22%3A5000%2C%22port%22%3A9101%2C%22scheduled%22%3Afalse%2C%22serviceName%22%3A%22DEFAULT_GROUP%40%40producer-server%22%2C%22stopped%22%3Afalse%2C%22weight%22%3A1.0%7D&app=producer-server&serviceName=DEFAULT_GROUP%40%40producer-server&encoding=UTF-8&namespaceId=public HTTP/1.1" 200 75 1 Nacos-Java-Client:v1.1.4
192.168.174.1 - - [01/Jun/2020:15:06:31 +0800] "GET /nacos/v1/cs/health HTTP/1.1" 200 2 2 Apache-HttpAsyncClient/4.1.3 (Java/1.8.0_131)
127.0.0.1 - - [01/Jun/2020:15:06:31 +0800] "PUT /nacos/v1/ns/instance/beat?beat=%7B%22cluster%22%3A%22DEFAULT%22%2C%22ip%22%3A%22192.168.174.1%22%2C%22metadata%22%3A%7B%22preserved.register.source%22%3A%22SPRING_CLOUD%22%7D%2C%22period%22%3A5000%2C%22port%22%3A8100%2C%22scheduled%22%3Afalse%2C%22serviceName%22%3A%22DEFAULT_GROUP%40%40constomer-server%22%2C%22stopped%22%3Afalse%2C%22weight%22%3A1.0%7D&app=constomer-server&serviceName=DEFAULT_GROUP%40%40constomer-server&encoding=UTF-8&namespaceId=public HTTP/1.1" 200 75 1 Nacos-Java-Client:v1.1.4
0:0:0:0:0:0:0:1 - - [01/Jun/2020:15:06:32 +0800] "GET /nacos/v1/ns/catalog/services?hasIpCount=true&withInstances=false&pageNo=1&pageSize=10&serviceNameParam=&groupNameParam=&accessToken=eyJhbGciOiJIUzI1NiJ9.eyJzdWIiOiJuYWNvcyIsImV4cCI6MTU5MTAxMDg1M30.eyRQj5LqcmDUTXXqgTDgA6b8z0fVyLERV9HrbX30qqQ&namespaceId=c7c8e9e8-d6dc-4fcd-bc44-f148c70cf0ed HTTP/1.1" 200 39 2 Mozilla/5.0 (Windows NT 10.0; Win64; x64) AppleWebKit/537.36 (KHTML, like Gecko) Chrome/84.0.4128.3 Safari/537.36
0:0:0:0:0:0:0:1 - - [01/Jun/2020:15:06:33 +0800] "GET /nacos/v1/ns/catalog/services?hasIpCount=true&withInstances=false&pageNo=1&pageSize=10&serviceNameParam=&groupNameParam=&accessToken=eyJhbGciOiJIUzI1NiJ9.eyJzdWIiOiJuYWNvcyIsImV4cCI6MTU5MTAxMDg1M30.eyRQj5LqcmDUTXXqgTDgA6b8z0fVyLERV9HrbX30qqQ&namespaceId= HTTP/1.1" 200 302 4 Mozilla/5.0 (Windows NT 10.0; Win64; x64) AppleWebKit/537.36 (KHTML, like Gecko) Chrome/84.0.4128.3 Safari/537.36
0:0:0:0:0:0:0:1 - - [01/Jun/2020:15:06:34 +0800] "GET /nacos/ HTTP/1.1" 304 - 3 Mozilla/5.0 (Windows NT 10.0; Win64; x64) AppleWebKit/537.36 (KHTML, like Gecko) Chrome/84.0.4128.3 Safari/537.36
0:0:0:0:0:0:0:1 - - [01/Jun/2020:15:06:34 +0800] "GET /nacos/v1/console/namespaces?&accessToken=eyJhbGciOiJIUzI1NiJ9.eyJzdWIiOiJuYWNvcyIsImV4cCI6MTU5MTAxMDg1M30.eyRQj5LqcmDUTXXqgTDgA6b8z0fVyLERV9HrbX30qqQ&namespaceId= HTTP/1.1" 200 246 4 Mozilla/5.0 (Windows NT 10.0; Win64; x64) AppleWebKit/537.36 (KHTML, like Gecko) Chrome/84.0.4128.3 Safari/537.36
0:0:0:0:0:0:0:1 - - [01/Jun/2020:15:06:34 +0800] "GET /nacos/v1/console/server/state?accessToken=eyJhbGciOiJIUzI1NiJ9.eyJzdWIiOiJuYWNvcyIsImV4cCI6MTU5MTAxMDg1M30.eyRQj5LqcmDUTXXqgTDgA6b8z0fVyLERV9HrbX30qqQ HTTP/1.1" 200 82 1 Mozilla/5.0 (Windows NT 10.0; Win64; x64) AppleWebKit/537.36 (KHTML, like Gecko) Chrome/84.0.4128.3 Safari/537.36
0:0:0:0:0:0:0:1 - - [01/Jun/2020:15:06:34 +0800] "GET /nacos/console-fe/public/icons/icon-font.woff2 HTTP/1.1" 404 177 5 Mozilla/5.0 (Windows NT 10.0; Win64; x64) AppleWebKit/537.36 (KHTML, like Gecko) Chrome/84.0.4128.3 Safari/537.36
0:0:0:0:0:0:0:1 - - [01/Jun/2020:15:06:34 +0800] "GET /nacos/v1/ns/catalog/services?hasIpCount=true&withInstances=false&pageNo=1&pageSize=10&serviceNameParam=&groupNameParam=&accessToken=eyJhbGciOiJIUzI1NiJ9.eyJzdWIiOiJuYWNvcyIsImV4cCI6MTU5MTAxMDg1M30.eyRQj5LqcmDUTXXqgTDgA6b8z0fVyLERV9HrbX30qqQ&namespaceId= HTTP/1.1" 200 302 2 Mozilla/5.0 (Windows NT 10.0; Win64; x64) AppleWebKit/537.36 (KHTML, like Gecko) Chrome/84.0.4128.3 Safari/537.36
0:0:0:0:0:0:0:1 - - [01/Jun/2020:15:06:34 +0800] "GET /nacos/console-fe/public/img/favicon.ico HTTP/1.1" 200 4286 2 Mozilla/5.0 (Windows NT 10.0; Win64; x64) AppleWebKit/537.36 (KHTML, like Gecko) Chrome/84.0.4128.3 Safari/537.36
127.0.0.1 - - [01/Jun/2020:15:06:35 +0800] "PUT /nacos/v1/ns/instance/beat?beat=%7B%22cluster%22%3A%22DEFAULT%22%2C%22ip%22%3A%22192.168.174.1%22%2C%22metadata%22%3A%7B%22preserved.register.source%22%3A%22SPRING_CLOUD%22%7D%2C%22period%22%3A5000%2C%22port%22%3A9101%2C%22scheduled%22%3Afalse%2C%22serviceName%22%3A%22DEFAULT_GROUP%40%40producer-server%22%2C%22stopped%22%3Afalse%2C%22weight%22%3A1.0%7D&app=producer-server&serviceName=DEFAULT_GROUP%40%40producer-server&encoding=UTF-8&namespaceId=public HTTP/1.1" 200 75 2 Nacos-Java-Client:v1.1.4
192.168.174.1 - - [01/Jun/2020:15:06:36 +0800] "GET /nacos/v1/cs/health HTTP/1.1" 200 2 2 Apache-HttpAsyncClient/4.1.3 (Java/1.8.0_131)
127.0.0.1 - - [01/Jun/2020:15:06:36 +0800] "PUT /nacos/v1/ns/instance/beat?beat=%7B%22cluster%22%3A%22DEFAULT%22%2C%22ip%22%3A%22192.168.174.1%22%2C%22metadata%22%3A%7B%22preserved.register.source%22%3A%22SPRING_CLOUD%22%7D%2C%22period%22%3A5000%2C%22port%22%3A8100%2C%22scheduled%22%3Afalse%2C%22serviceName%22%3A%22DEFAULT_GROUP%40%40constomer-server%22%2C%22stopped%22%3Afalse%2C%22weight%22%3A1.0%7D&app=constomer-server&serviceName=DEFAULT_GROUP%40%40constomer-server&encoding=UTF-8&namespaceId=public HTTP/1.1" 200 75 1 Nacos-Java-Client:v1.1.4
0:0:0:0:0:0:0:1 - - [01/Jun/2020:15:06:38 +0800] "GET /nacos/ HTTP/1.1" 304 - 3 Mozilla/5.0 (Windows NT 10.0; Win64; x64) AppleWebKit/537.36 (KHTML, like Gecko) Chrome/84.0.4128.3 Safari/537.36
0:0:0:0:0:0:0:1 - - [01/Jun/2020:15:06:38 +0800] "GET /nacos/v1/console/namespaces?&accessToken=eyJhbGciOiJIUzI1NiJ9.eyJzdWIiOiJuYWNvcyIsImV4cCI6MTU5MTAxMDg1M30.eyRQj5LqcmDUTXXqgTDgA6b8z0fVyLERV9HrbX30qqQ&namespaceId= HTTP/1.1" 200 246 3 Mozilla/5.0 (Windows NT 10.0; Win64; x64) AppleWebKit/537.36 (KHTML, like Gecko) Chrome/84.0.4128.3 Safari/537.36
0:0:0:0:0:0:0:1 - - [01/Jun/2020:15:06:38 +0800] "GET /nacos/v1/console/server/state?accessToken=eyJhbGciOiJIUzI1NiJ9.eyJzdWIiOiJuYWNvcyIsImV4cCI6MTU5MTAxMDg1M30.eyRQj5LqcmDUTXXqgTDgA6b8z0fVyLERV9HrbX30qqQ HTTP/1.1" 200 82 1 Mozilla/5.0 (Windows NT 10.0; Win64; x64) AppleWebKit/537.36 (KHTML, like Gecko) Chrome/84.0.4128.3 Safari/537.36
0:0:0:0:0:0:0:1 - - [01/Jun/2020:15:06:38 +0800] "GET /nacos/console-fe/public/icons/icon-font.woff2 HTTP/1.1" 404 177 5 Mozilla/5.0 (Windows NT 10.0; Win64; x64) AppleWebKit/537.36 (KHTML, like Gecko) Chrome/84.0.4128.3 Safari/537.36
0:0:0:0:0:0:0:1 - - [01/Jun/2020:15:06:38 +0800] "GET /nacos/v1/ns/catalog/services?hasIpCount=true&withInstances=false&pageNo=1&pageSize=10&serviceNameParam=&groupNameParam=&accessToken=eyJhbGciOiJIUzI1NiJ9.eyJzdWIiOiJuYWNvcyIsImV4cCI6MTU5MTAxMDg1M30.eyRQj5LqcmDUTXXqgTDgA6b8z0fVyLERV9HrbX30qqQ&namespaceId= HTTP/1.1" 200 302 2 Mozilla/5.0 (Windows NT 10.0; Win64; x64) AppleWebKit/537.36 (KHTML, like Gecko) Chrome/84.0.4128.3 Safari/537.36
0:0:0:0:0:0:0:1 - - [01/Jun/2020:15:06:38 +0800] "GET /nacos/console-fe/public/img/favicon.ico HTTP/1.1" 200 4286 3 Mozilla/5.0 (Windows NT 10.0; Win64; x64) AppleWebKit/537.36 (KHTML, like Gecko) Chrome/84.0.4128.3 Safari/537.36
127.0.0.1 - - [01/Jun/2020:15:06:39 +0800] "POST /nacos/v1/cs/configs/listener HTTP/1.1" 200 - 29503 Java/1.8.0_131
127.0.0.1 - - [01/Jun/2020:15:06:40 +0800] "PUT /nacos/v1/ns/instance/beat?beat=%7B%22cluster%22%3A%22DEFAULT%22%2C%22ip%22%3A%22192.168.174.1%22%2C%22metadata%22%3A%7B%22preserved.register.source%22%3A%22SPRING_CLOUD%22%7D%2C%22period%22%3A5000%2C%22port%22%3A9101%2C%22scheduled%22%3Afalse%2C%22serviceName%22%3A%22DEFAULT_GROUP%40%40producer-server%22%2C%22stopped%22%3Afalse%2C%22weight%22%3A1.0%7D&app=producer-server&serviceName=DEFAULT_GROUP%40%40producer-server&encoding=UTF-8&namespaceId=public HTTP/1.1" 200 75 1 Nacos-Java-Client:v1.1.4
192.168.174.1 - - [01/Jun/2020:15:06:41 +0800] "GET /nacos/v1/cs/health HTTP/1.1" 200 2 2 Apache-HttpAsyncClient/4.1.3 (Java/1.8.0_131)
127.0.0.1 - - [01/Jun/2020:15:06:41 +0800] "PUT /nacos/v1/ns/instance/beat?beat=%7B%22cluster%22%3A%22DEFAULT%22%2C%22ip%22%3A%22192.168.174.1%22%2C%22metadata%22%3A%7B%22preserved.register.source%22%3A%22SPRING_CLOUD%22%7D%2C%22period%22%3A5000%2C%22port%22%3A8100%2C%22scheduled%22%3Afalse%2C%22serviceName%22%3A%22DEFAULT_GROUP%40%40constomer-server%22%2C%22stopped%22%3Afalse%2C%22weight%22%3A1.0%7D&app=constomer-server&serviceName=DEFAULT_GROUP%40%40constomer-server&encoding=UTF-8&namespaceId=public HTTP/1.1" 200 75 2 Nacos-Java-Client:v1.1.4
127.0.0.1 - - [01/Jun/2020:15:06:45 +0800] "PUT /nacos/v1/ns/instance/beat?beat=%7B%22cluster%22%3A%22DEFAULT%22%2C%22ip%22%3A%22192.168.174.1%22%2C%22metadata%22%3A%7B%22preserved.register.source%22%3A%22SPRING_CLOUD%22%7D%2C%22period%22%3A5000%2C%22port%22%3A9101%2C%22scheduled%22%3Afalse%2C%22serviceName%22%3A%22DEFAULT_GROUP%40%40producer-server%22%2C%22stopped%22%3Afalse%2C%22weight%22%3A1.0%7D&app=producer-server&serviceName=DEFAULT_GROUP%40%40producer-server&encoding=UTF-8&namespaceId=public HTTP/1.1" 200 75 1 Nacos-Java-Client:v1.1.4
192.168.174.1 - - [01/Jun/2020:15:06:46 +0800] "GET /nacos/v1/cs/health HTTP/1.1" 200 2 3 Apache-HttpAsyncClient/4.1.3 (Java/1.8.0_131)
127.0.0.1 - - [01/Jun/2020:15:06:46 +0800] "PUT /nacos/v1/ns/instance/beat?beat=%7B%22cluster%22%3A%22DEFAULT%22%2C%22ip%22%3A%22192.168.174.1%22%2C%22metadata%22%3A%7B%22preserved.register.source%22%3A%22SPRING_CLOUD%22%7D%2C%22period%22%3A5000%2C%22port%22%3A8100%2C%22scheduled%22%3Afalse%2C%22serviceName%22%3A%22DEFAULT_GROUP%40%40constomer-server%22%2C%22stopped%22%3Afalse%2C%22weight%22%3A1.0%7D&app=constomer-server&serviceName=DEFAULT_GROUP%40%40constomer-server&encoding=UTF-8&namespaceId=public HTTP/1.1" 200 75 3 Nacos-Java-Client:v1.1.4
127.0.0.1 - - [01/Jun/2020:15:06:48 +0800] "POST /nacos/v1/cs/configs/listener HTTP/1.1" 200 - 29505 Java/1.8.0_131
127.0.0.1 - - [01/Jun/2020:15:06:50 +0800] "PUT /nacos/v1/ns/instance/beat?beat=%7B%22cluster%22%3A%22DEFAULT%22%2C%22ip%22%3A%22192.168.174.1%22%2C%22metadata%22%3A%7B%22preserved.register.source%22%3A%22SPRING_CLOUD%22%7D%2C%22period%22%3A5000%2C%22port%22%3A9101%2C%22scheduled%22%3Afalse%2C%22serviceName%22%3A%22DEFAULT_GROUP%40%40producer-server%22%2C%22stopped%22%3Afalse%2C%22weight%22%3A1.0%7D&app=producer-server&serviceName=DEFAULT_GROUP%40%40producer-server&encoding=UTF-8&namespaceId=public HTTP/1.1" 200 75 1 Nacos-Java-Client:v1.1.4
192.168.174.1 - - [01/Jun/2020:15:06:51 +0800] "GET /nacos/v1/cs/health HTTP/1.1" 200 2 2 Apache-HttpAsyncClient/4.1.3 (Java/1.8.0_131)
127.0.0.1 - - [01/Jun/2020:15:06:51 +0800] "PUT /nacos/v1/ns/instance/beat?beat=%7B%22cluster%22%3A%22DEFAULT%22%2C%22ip%22%3A%22192.168.174.1%22%2C%22metadata%22%3A%7B%22preserved.register.source%22%3A%22SPRING_CLOUD%22%7D%2C%22period%22%3A5000%2C%22port%22%3A8100%2C%22scheduled%22%3Afalse%2C%22serviceName%22%3A%22DEFAULT_GROUP%40%40constomer-server%22%2C%22stopped%22%3Afalse%2C%22weight%22%3A1.0%7D&app=constomer-server&serviceName=DEFAULT_GROUP%40%40constomer-server&encoding=UTF-8&namespaceId=public HTTP/1.1" 200 75 2 Nacos-Java-Client:v1.1.4
127.0.0.1 - - [01/Jun/2020:15:06:55 +0800] "PUT /nacos/v1/ns/instance/beat?beat=%7B%22cluster%22%3A%22DEFAULT%22%2C%22ip%22%3A%22192.168.174.1%22%2C%22metadata%22%3A%7B%22preserved.register.source%22%3A%22SPRING_CLOUD%22%7D%2C%22period%22%3A5000%2C%22port%22%3A9101%2C%22scheduled%22%3Afalse%2C%22serviceName%22%3A%22DEFAULT_GROUP%40%40producer-server%22%2C%22stopped%22%3Afalse%2C%22weight%22%3A1.0%7D&app=producer-server&serviceName=DEFAULT_GROUP%40%40producer-server&encoding=UTF-8&namespaceId=public HTTP/1.1" 200 75 1 Nacos-Java-Client:v1.1.4
192.168.174.1 - - [01/Jun/2020:15:06:56 +0800] "GET /nacos/v1/cs/health HTTP/1.1" 200 2 1 Apache-HttpAsyncClient/4.1.3 (Java/1.8.0_131)
127.0.0.1 - - [01/Jun/2020:15:06:56 +0800] "PUT /nacos/v1/ns/instance/beat?beat=%7B%22cluster%22%3A%22DEFAULT%22%2C%22ip%22%3A%22192.168.174.1%22%2C%22metadata%22%3A%7B%22preserved.register.source%22%3A%22SPRING_CLOUD%22%7D%2C%22period%22%3A5000%2C%22port%22%3A8100%2C%22scheduled%22%3Afalse%2C%22serviceName%22%3A%22DEFAULT_GROUP%40%40constomer-server%22%2C%22stopped%22%3Afalse%2C%22weight%22%3A1.0%7D&app=constomer-server&serviceName=DEFAULT_GROUP%40%40constomer-server&encoding=UTF-8&namespaceId=public HTTP/1.1" 200 75 1 Nacos-Java-Client:v1.1.4
127.0.0.1 - - [01/Jun/2020:15:07:00 +0800] "PUT /nacos/v1/ns/instance/beat?beat=%7B%22cluster%22%3A%22DEFAULT%22%2C%22ip%22%3A%22192.168.174.1%22%2C%22metadata%22%3A%7B%22preserved.register.source%22%3A%22SPRING_CLOUD%22%7D%2C%22period%22%3A5000%2C%22port%22%3A9101%2C%22scheduled%22%3Afalse%2C%22serviceName%22%3A%22DEFAULT_GROUP%40%40producer-server%22%2C%22stopped%22%3Afalse%2C%22weight%22%3A1.0%7D&app=producer-server&serviceName=DEFAULT_GROUP%40%40producer-server&encoding=UTF-8&namespaceId=public HTTP/1.1" 200 75 1 Nacos-Java-Client:v1.1.4
192.168.174.1 - - [01/Jun/2020:15:07:01 +0800] "GET /nacos/v1/cs/health HTTP/1.1" 200 2 2 Apache-HttpAsyncClient/4.1.3 (Java/1.8.0_131)
127.0.0.1 - - [01/Jun/2020:15:07:01 +0800] "PUT /nacos/v1/ns/instance/beat?beat=%7B%22cluster%22%3A%22DEFAULT%22%2C%22ip%22%3A%22192.168.174.1%22%2C%22metadata%22%3A%7B%22preserved.register.source%22%3A%22SPRING_CLOUD%22%7D%2C%22period%22%3A5000%2C%22port%22%3A8100%2C%22scheduled%22%3Afalse%2C%22serviceName%22%3A%22DEFAULT_GROUP%40%40constomer-server%22%2C%22stopped%22%3Afalse%2C%22weight%22%3A1.0%7D&app=constomer-server&serviceName=DEFAULT_GROUP%40%40constomer-server&encoding=UTF-8&namespaceId=public HTTP/1.1" 200 75 1 Nacos-Java-Client:v1.1.4
127.0.0.1 - - [01/Jun/2020:15:07:05 +0800] "PUT /nacos/v1/ns/instance/beat?beat=%7B%22cluster%22%3A%22DEFAULT%22%2C%22ip%22%3A%22192.168.174.1%22%2C%22metadata%22%3A%7B%22preserved.register.source%22%3A%22SPRING_CLOUD%22%7D%2C%22period%22%3A5000%2C%22port%22%3A9101%2C%22scheduled%22%3Afalse%2C%22serviceName%22%3A%22DEFAULT_GROUP%40%40producer-server%22%2C%22stopped%22%3Afalse%2C%22weight%22%3A1.0%7D&app=producer-server&serviceName=DEFAULT_GROUP%40%40producer-server&encoding=UTF-8&namespaceId=public HTTP/1.1" 200 75 2 Nacos-Java-Client:v1.1.4
192.168.174.1 - - [01/Jun/2020:15:07:06 +0800] "GET /nacos/v1/cs/health HTTP/1.1" 200 2 1 Apache-HttpAsyncClient/4.1.3 (Java/1.8.0_131)
127.0.0.1 - - [01/Jun/2020:15:07:06 +0800] "PUT /nacos/v1/ns/instance/beat?beat=%7B%22cluster%22%3A%22DEFAULT%22%2C%22ip%22%3A%22192.168.174.1%22%2C%22metadata%22%3A%7B%22preserved.register.source%22%3A%22SPRING_CLOUD%22%7D%2C%22period%22%3A5000%2C%22port%22%3A8100%2C%22scheduled%22%3Afalse%2C%22serviceName%22%3A%22DEFAULT_GROUP%40%40constomer-server%22%2C%22stopped%22%3Afalse%2C%22weight%22%3A1.0%7D&app=constomer-server&serviceName=DEFAULT_GROUP%40%40constomer-server&encoding=UTF-8&namespaceId=public HTTP/1.1" 200 75 1 Nacos-Java-Client:v1.1.4
127.0.0.1 - - [01/Jun/2020:15:07:09 +0800] "POST /nacos/v1/cs/configs/listener HTTP/1.1" 200 - 29503 Java/1.8.0_131
127.0.0.1 - - [01/Jun/2020:15:07:10 +0800] "PUT /nacos/v1/ns/instance/beat?beat=%7B%22cluster%22%3A%22DEFAULT%22%2C%22ip%22%3A%22192.168.174.1%22%2C%22metadata%22%3A%7B%22preserved.register.source%22%3A%22SPRING_CLOUD%22%7D%2C%22period%22%3A5000%2C%22port%22%3A9101%2C%22scheduled%22%3Afalse%2C%22serviceName%22%3A%22DEFAULT_GROUP%40%40producer-server%22%2C%22stopped%22%3Afalse%2C%22weight%22%3A1.0%7D&app=producer-server&serviceName=DEFAULT_GROUP%40%40producer-server&encoding=UTF-8&namespaceId=public HTTP/1.1" 200 75 2 Nacos-Java-Client:v1.1.4
192.168.174.1 - - [01/Jun/2020:15:07:11 +0800] "GET /nacos/v1/cs/health HTTP/1.1" 200 2 2 Apache-HttpAsyncClient/4.1.3 (Java/1.8.0_131)
127.0.0.1 - - [01/Jun/2020:15:07:11 +0800] "PUT /nacos/v1/ns/instance/beat?beat=%7B%22cluster%22%3A%22DEFAULT%22%2C%22ip%22%3A%22192.168.174.1%22%2C%22metadata%22%3A%7B%22preserved.register.source%22%3A%22SPRING_CLOUD%22%7D%2C%22period%22%3A5000%2C%22port%22%3A8100%2C%22scheduled%22%3Afalse%2C%22serviceName%22%3A%22DEFAULT_GROUP%40%40constomer-server%22%2C%22stopped%22%3Afalse%2C%22weight%22%3A1.0%7D&app=constomer-server&serviceName=DEFAULT_GROUP%40%40constomer-server&encoding=UTF-8&namespaceId=public HTTP/1.1" 200 75 1 Nacos-Java-Client:v1.1.4
127.0.0.1 - - [01/Jun/2020:15:07:15 +0800] "PUT /nacos/v1/ns/instance/beat?beat=%7B%22cluster%22%3A%22DEFAULT%22%2C%22ip%22%3A%22192.168.174.1%22%2C%22metadata%22%3A%7B%22preserved.register.source%22%3A%22SPRING_CLOUD%22%7D%2C%22period%22%3A5000%2C%22port%22%3A9101%2C%22scheduled%22%3Afalse%2C%22serviceName%22%3A%22DEFAULT_GROUP%40%40producer-server%22%2C%22stopped%22%3Afalse%2C%22weight%22%3A1.0%7D&app=producer-server&serviceName=DEFAULT_GROUP%40%40producer-server&encoding=UTF-8&namespaceId=public HTTP/1.1" 200 75 1 Nacos-Java-Client:v1.1.4
192.168.174.1 - - [01/Jun/2020:15:07:16 +0800] "GET /nacos/v1/cs/health HTTP/1.1" 200 2 3 Apache-HttpAsyncClient/4.1.3 (Java/1.8.0_131)
127.0.0.1 - - [01/Jun/2020:15:07:16 +0800] "PUT /nacos/v1/ns/instance/beat?beat=%7B%22cluster%22%3A%22DEFAULT%22%2C%22ip%22%3A%22192.168.174.1%22%2C%22metadata%22%3A%7B%22preserved.register.source%22%3A%22SPRING_CLOUD%22%7D%2C%22period%22%3A5000%2C%22port%22%3A8100%2C%22scheduled%22%3Afalse%2C%22serviceName%22%3A%22DEFAULT_GROUP%40%40constomer-server%22%2C%22stopped%22%3Afalse%2C%22weight%22%3A1.0%7D&app=constomer-server&serviceName=DEFAULT_GROUP%40%40constomer-server&encoding=UTF-8&namespaceId=public HTTP/1.1" 200 75 3 Nacos-Java-Client:v1.1.4
127.0.0.1 - - [01/Jun/2020:15:07:18 +0800] "POST /nacos/v1/cs/configs/listener HTTP/1.1" 200 - 29502 Java/1.8.0_131
127.0.0.1 - - [01/Jun/2020:15:07:20 +0800] "PUT /nacos/v1/ns/instance/beat?beat=%7B%22cluster%22%3A%22DEFAULT%22%2C%22ip%22%3A%22192.168.174.1%22%2C%22metadata%22%3A%7B%22preserved.register.source%22%3A%22SPRING_CLOUD%22%7D%2C%22period%22%3A5000%2C%22port%22%3A9101%2C%22scheduled%22%3Afalse%2C%22serviceName%22%3A%22DEFAULT_GROUP%40%40producer-server%22%2C%22stopped%22%3Afalse%2C%22weight%22%3A1.0%7D&app=producer-server&serviceName=DEFAULT_GROUP%40%40producer-server&encoding=UTF-8&namespaceId=public HTTP/1.1" 200 75 1 Nacos-Java-Client:v1.1.4
192.168.174.1 - - [01/Jun/2020:15:07:21 +0800] "GET /nacos/v1/cs/health HTTP/1.1" 200 2 2 Apache-HttpAsyncClient/4.1.3 (Java/1.8.0_131)
127.0.0.1 - - [01/Jun/2020:15:07:21 +0800] "PUT /nacos/v1/ns/instance/beat?beat=%7B%22cluster%22%3A%22DEFAULT%22%2C%22ip%22%3A%22192.168.174.1%22%2C%22metadata%22%3A%7B%22preserved.register.source%22%3A%22SPRING_CLOUD%22%7D%2C%22period%22%3A5000%2C%22port%22%3A8100%2C%22scheduled%22%3Afalse%2C%22serviceName%22%3A%22DEFAULT_GROUP%40%40constomer-server%22%2C%22stopped%22%3Afalse%2C%22weight%22%3A1.0%7D&app=constomer-server&serviceName=DEFAULT_GROUP%40%40constomer-server&encoding=UTF-8&namespaceId=public HTTP/1.1" 200 75 2 Nacos-Java-Client:v1.1.4
127.0.0.1 - - [01/Jun/2020:15:07:25 +0800] "PUT /nacos/v1/ns/instance/beat?beat=%7B%22cluster%22%3A%22DEFAULT%22%2C%22ip%22%3A%22192.168.174.1%22%2C%22metadata%22%3A%7B%22preserved.register.source%22%3A%22SPRING_CLOUD%22%7D%2C%22period%22%3A5000%2C%22port%22%3A9101%2C%22scheduled%22%3Afalse%2C%22serviceName%22%3A%22DEFAULT_GROUP%40%40producer-server%22%2C%22stopped%22%3Afalse%2C%22weight%22%3A1.0%7D&app=producer-server&serviceName=DEFAULT_GROUP%40%40producer-server&encoding=UTF-8&namespaceId=public HTTP/1.1" 200 75 1 Nacos-Java-Client:v1.1.4
192.168.174.1 - - [01/Jun/2020:15:07:26 +0800] "GET /nacos/v1/cs/health HTTP/1.1" 200 2 2 Apache-HttpAsyncClient/4.1.3 (Java/1.8.0_131)
127.0.0.1 - - [01/Jun/2020:15:07:26 +0800] "PUT /nacos/v1/ns/instance/beat?beat=%7B%22cluster%22%3A%22DEFAULT%22%2C%22ip%22%3A%22192.168.174.1%22%2C%22metadata%22%3A%7B%22preserved.register.source%22%3A%22SPRING_CLOUD%22%7D%2C%22period%22%3A5000%2C%22port%22%3A8100%2C%22scheduled%22%3Afalse%2C%22serviceName%22%3A%22DEFAULT_GROUP%40%40constomer-server%22%2C%22stopped%22%3Afalse%2C%22weight%22%3A1.0%7D&app=constomer-server&serviceName=DEFAULT_GROUP%40%40constomer-server&encoding=UTF-8&namespaceId=public HTTP/1.1" 200 75 1 Nacos-Java-Client:v1.1.4
127.0.0.1 - - [01/Jun/2020:15:07:30 +0800] "PUT /nacos/v1/ns/instance/beat?beat=%7B%22cluster%22%3A%22DEFAULT%22%2C%22ip%22%3A%22192.168.174.1%22%2C%22metadata%22%3A%7B%22preserved.register.source%22%3A%22SPRING_CLOUD%22%7D%2C%22period%22%3A5000%2C%22port%22%3A9101%2C%22scheduled%22%3Afalse%2C%22serviceName%22%3A%22DEFAULT_GROUP%40%40producer-server%22%2C%22stopped%22%3Afalse%2C%22weight%22%3A1.0%7D&app=producer-server&serviceName=DEFAULT_GROUP%40%40producer-server&encoding=UTF-8&namespaceId=public HTTP/1.1" 200 75 1 Nacos-Java-Client:v1.1.4
192.168.174.1 - - [01/Jun/2020:15:07:31 +0800] "GET /nacos/v1/cs/health HTTP/1.1" 200 2 2 Apache-HttpAsyncClient/4.1.3 (Java/1.8.0_131)
127.0.0.1 - - [01/Jun/2020:15:07:31 +0800] "PUT /nacos/v1/ns/instance/beat?beat=%7B%22cluster%22%3A%22DEFAULT%22%2C%22ip%22%3A%22192.168.174.1%22%2C%22metadata%22%3A%7B%22preserved.register.source%22%3A%22SPRING_CLOUD%22%7D%2C%22period%22%3A5000%2C%22port%22%3A8100%2C%22scheduled%22%3Afalse%2C%22serviceName%22%3A%22DEFAULT_GROUP%40%40constomer-server%22%2C%22stopped%22%3Afalse%2C%22weight%22%3A1.0%7D&app=constomer-server&serviceName=DEFAULT_GROUP%40%40constomer-server&encoding=UTF-8&namespaceId=public HTTP/1.1" 200 75 2 Nacos-Java-Client:v1.1.4
127.0.0.1 - - [01/Jun/2020:15:07:35 +0800] "PUT /nacos/v1/ns/instance/beat?beat=%7B%22cluster%22%3A%22DEFAULT%22%2C%22ip%22%3A%22192.168.174.1%22%2C%22metadata%22%3A%7B%22preserved.register.source%22%3A%22SPRING_CLOUD%22%7D%2C%22period%22%3A5000%2C%22port%22%3A9101%2C%22scheduled%22%3Afalse%2C%22serviceName%22%3A%22DEFAULT_GROUP%40%40producer-server%22%2C%22stopped%22%3Afalse%2C%22weight%22%3A1.0%7D&app=producer-server&serviceName=DEFAULT_GROUP%40%40producer-server&encoding=UTF-8&namespaceId=public HTTP/1.1" 200 75 1 Nacos-Java-Client:v1.1.4
192.168.174.1 - - [01/Jun/2020:15:07:36 +0800] "GET /nacos/v1/cs/health HTTP/1.1" 200 2 2 Apache-HttpAsyncClient/4.1.3 (Java/1.8.0_131)
127.0.0.1 - - [01/Jun/2020:15:07:36 +0800] "PUT /nacos/v1/ns/instance/beat?beat=%7B%22cluster%22%3A%22DEFAULT%22%2C%22ip%22%3A%22192.168.174.1%22%2C%22metadata%22%3A%7B%22preserved.register.source%22%3A%22SPRING_CLOUD%22%7D%2C%22period%22%3A5000%2C%22port%22%3A8100%2C%22scheduled%22%3Afalse%2C%22serviceName%22%3A%22DEFAULT_GROUP%40%40constomer-server%22%2C%22stopped%22%3Afalse%2C%22weight%22%3A1.0%7D&app=constomer-server&serviceName=DEFAULT_GROUP%40%40constomer-server&encoding=UTF-8&namespaceId=public HTTP/1.1" 200 75 2 Nacos-Java-Client:v1.1.4
127.0.0.1 - - [01/Jun/2020:15:07:38 +0800] "POST /nacos/v1/cs/configs/listener HTTP/1.1" 200 - 29504 Java/1.8.0_131
127.0.0.1 - - [01/Jun/2020:15:07:40 +0800] "PUT /nacos/v1/ns/instance/beat?beat=%7B%22cluster%22%3A%22DEFAULT%22%2C%22ip%22%3A%22192.168.174.1%22%2C%22metadata%22%3A%7B%22preserved.register.source%22%3A%22SPRING_CLOUD%22%7D%2C%22period%22%3A5000%2C%22port%22%3A9101%2C%22scheduled%22%3Afalse%2C%22serviceName%22%3A%22DEFAULT_GROUP%40%40producer-server%22%2C%22stopped%22%3Afalse%2C%22weight%22%3A1.0%7D&app=producer-server&serviceName=DEFAULT_GROUP%40%40producer-server&encoding=UTF-8&namespaceId=public HTTP/1.1" 200 75 1 Nacos-Java-Client:v1.1.4
192.168.174.1 - - [01/Jun/2020:15:07:41 +0800] "GET /nacos/v1/cs/health HTTP/1.1" 200 2 1 Apache-HttpAsyncClient/4.1.3 (Java/1.8.0_131)
127.0.0.1 - - [01/Jun/2020:15:07:41 +0800] "PUT /nacos/v1/ns/instance/beat?beat=%7B%22cluster%22%3A%22DEFAULT%22%2C%22ip%22%3A%22192.168.174.1%22%2C%22metadata%22%3A%7B%22preserved.register.source%22%3A%22SPRING_CLOUD%22%7D%2C%22period%22%3A5000%2C%22port%22%3A8100%2C%22scheduled%22%3Afalse%2C%22serviceName%22%3A%22DEFAULT_GROUP%40%40constomer-server%22%2C%22stopped%22%3Afalse%2C%22weight%22%3A1.0%7D&app=constomer-server&serviceName=DEFAULT_GROUP%40%40constomer-server&encoding=UTF-8&namespaceId=public HTTP/1.1" 200 75 2 Nacos-Java-Client:v1.1.4
